[dotenv@17.3.1] injecting env (2) from .env -- tip: ≡ƒöÉ prevent building .env in docker: https://dotenvx.com/prebuild
Trying gemini-1.5-flash...
Trying models/gemini-1.5-flash...
Trying gemini-2.0-flash-exp...
Trying models/gemini-2.0-flash-exp...
Trying gemini-2.5-flash...
Γ£à Success with gemini-2.5-flash
